// Vitest Snapshot v1, https://vitest.dev/guide/snapshot.html

exports[`OnboardingDialog > moves between steps and completes flow 1`] = `
<DocumentFragment>
  <div
    class="fixed inset-0 z-50 flex items-center justify-center p-4"
  >
    <div
      aria-hidden="true"
      class="absolute inset-0 bg-black/60"
    />
    <div
      aria-describedby="onboarding-desc"
      aria-labelledby="onboarding-title"
      aria-modal="true"
      class="relative w-full max-w-lg bg-stellar-card border border-stellar-border rounded-lg shadow-xl"
      role="dialog"
    >
      <div
        class="p-6"
      >
        <div
          class="flex items-start justify-between gap-4"
        >
          <div
            class="min-w-0"
          >
            <h2
              class="text-xl font-semibold text-stellar-text-primary"
              id="onboarding-title"
            >
              Welcome to Bridge Watch
            </h2>
            <p
              class="sr-only"
              id="onboarding-desc"
            >
              Onboarding steps for new users
            </p>
          </div>
          <button
            aria-label="Close onboarding"
            class="rounded-md px-2 py-1 text-sm text-stellar-text-secondary hover:text-stellar-text-primary focus:outline-none focus:ring-2 focus:ring-stellar-blue"
            type="button"
          >
            ✕
          </button>
        </div>
        <div
          class="mt-4"
        >
          <p
            class="text-sm text-stellar-text-secondary"
          >
            This dashboard helps you monitor bridged assets on Stellar: health scores, bridge status, and price signals.
          </p>
        </div>
        <div
          class="mt-6 flex items-center justify-between gap-3"
        >
          <button
            class="text-sm text-stellar-text-secondary hover:text-stellar-text-primary focus:outline-none focus:ring-2 focus:ring-stellar-blue rounded-md px-2 py-1"
            type="button"
          >
            Skip
          </button>
          <div
            class="flex items-center gap-2"
          >
            <button
              class="bg-stellar-card border border-stellar-border rounded-lg px-3 py-2 text-sm text-stellar-text-primary disabled:opacity-50 hover:bg-stellar-border focus:outline-none focus:ring-2 focus:ring-stellar-blue"
              disabled=""
              type="button"
            >
              Back
            </button>
            <button
              class="bg-stellar-blue rounded-lg px-3 py-2 text-sm text-white hover:opacity-90 focus:outline-none focus:ring-2 focus:ring-stellar-blue focus:ring-offset-2 focus:ring-offset-stellar-card"
              type="button"
            >
              Next
            </button>
          </div>
        </div>
        <div
          class="mt-4 text-xs text-stellar-text-secondary"
        >
          Step 1 of 3
        </div>
      </div>
    </div>
  </div>
</DocumentFragment>
`;
